// Jest Snapshot v1, https://goo.gl/fbAQLP

exports[`VOrgchart.vue matches snapshot 1`] = `
<div class="v-orgchart">
    <table class="v-layer">
        <tr>
            <td colspan="6">
                <div class="node">
                    <div class="title"></div>
                    <div class="content">A</div>
                </div>
            </td>
        </tr>
        <tr class="lines">
            <td colspan="6">
                <div class="downLine"></div>
            </td>
        </tr>
        <tr class="lines">
            <td class="rightLine"></td>
            <td class="topLine leftLine"></td>
            <td class="topLine rightLine"></td>
            <td class="topLine leftLine"></td>
            <td class="topLine rightLine"></td>
            <td class="leftLine"></td>
        </tr>
        <tr class="nodes">
            <td colspan="2">
                <table class="v-layer">
                    <tr>
                        <td>
                            <div class="node">
                                <div class="title"></div>
                                <div class="content">B</div>
                            </div>
                        </td>
                    </tr>
                    <!---->
                </table>
            </td>
            <td colspan="2">
                <table class="v-layer">
                    <tr>
                        <td>
                            <div class="node">
                                <div class="title"></div>
                                <div class="content">C</div>
                            </div>
                        </td>
                    </tr>
                    <!---->
                </table>
            </td>
            <td colspan="2">
                <table class="v-layer">
                    <tr>
                        <td>
                            <div class="node">
                                <div class="title"></div>
                                <div class="content">D</div>
                            </div>
                        </td>
                    </tr>
                    <!---->
                </table>
            </td>
        </tr>
    </table>
</div>
`;
